
C:\Users\clark\source\repos\COVID-19>git fetch 

C:\Users\clark\source\repos\COVID-19>git merge remotes/upstream/master 
Already up to date.

C:\Users\clark\source\repos\COVID-19>cd vscode 

C:\Users\clark\source\repos\COVID-19\vscode>node convert.js 

C:\Users\clark\source\repos\COVID-19\vscode>cd ../sql 

C:\Users\clark\source\repos\COVID-19\sql>sqlite3 ../vscode/output.db ".read outputSqlite" 

C:\Users\clark\source\repos\COVID-19\sql>cd .. 

C:\Users\clark\source\repos\COVID-19>git commit -am "Daily Update" 
[master f3e1e8d3] Daily Update
 2 files changed, 246627 insertions(+), 246627 deletions(-)

C:\Users\clark\source\repos\COVID-19>git push 

C:\Users\clark\source\repos\COVID-19>git fetch 

C:\Users\clark\source\repos\COVID-19>git merge remotes/upstream/master 
Merge made by the 'recursive' strategy.
 .../csse_covid_19_daily_reports/06-24-2020.csv     |  66 +--
 .../csse_covid_19_daily_reports_us/06-24-2020.csv  | 116 ++---
 .../csse_covid_19_time_series/Errata.csv           |  10 +-
 .../time_series_covid19_confirmed_US.csv           |  90 ++--
 .../time_series_covid19_confirmed_global.csv       | 534 ++++++++++-----------
 .../time_series_covid19_deaths_US.csv              |   6 +-
 .../time_series_covid19_deaths_global.csv          | 534 ++++++++++-----------
 7 files changed, 682 insertions(+), 674 deletions(-)

C:\Users\clark\source\repos\COVID-19>cd vscode 

C:\Users\clark\source\repos\COVID-19\vscode>node convert.js 

C:\Users\clark\source\repos\COVID-19>git fetch 

C:\Users\clark\source\repos\COVID-19>git merge remotes/upstream/master 
Already up to date.

C:\Users\clark\source\repos\COVID-19>cd vscode 

C:\Users\clark\source\repos\COVID-19\vscode>node convert.js 

C:\Users\clark\source\repos\COVID-19>git fetch 

C:\Users\clark\source\repos\COVID-19>git merge remotes/upstream/master 
Already up to date.

C:\Users\clark\source\repos\COVID-19>cd vscode 

C:\Users\clark\source\repos\COVID-19\vscode>node convert.js 

C:\Users\clark\source\repos\COVID-19\vscode>cd ../sql 

C:\Users\clark\source\repos\COVID-19\sql>sqlite3 ../vscode/output.db ".read outputSqlite" 

C:\Users\clark\source\repos\COVID-19\sql>cd .. 

C:\Users\clark\source\repos\COVID-19>git commit -am "Daily Update" 
[master 1e168ef9] Daily Update
 4 files changed, 260678 insertions(+), 260661 deletions(-)

C:\Users\clark\source\repos\COVID-19>git push 

C:\Users\clark\source\repos\COVID-19>git fetch --all 
Fetching origin
Fetching upstream

C:\Users\clark\source\repos\COVID-19>git merge remotes/upstream/master 
Already up to date.

C:\Users\clark\source\repos\COVID-19>cd vscode 

C:\Users\clark\source\repos\COVID-19\vscode>node convert.js 

C:\Users\clark\source\repos\COVID-19\vscode>cd ../sql 

C:\Users\clark\source\repos\COVID-19\sql>sqlite3 ../vscode/output.db ".read outputSqlite" 

C:\Users\clark\source\repos\COVID-19\sql>cd .. 

C:\Users\clark\source\repos\COVID-19>git commit -am "Daily Update" 
