
C:\Users\clark\source\repos\COVID-19>git fetch 

C:\Users\clark\source\repos\COVID-19>git merge remotes/upstream/master 
Already up to date.

C:\Users\clark\source\repos\COVID-19>cd vscode 

C:\Users\clark\source\repos\COVID-19\vscode>node convert.js 

C:\Users\clark\source\repos\COVID-19\vscode>cd ../sql 

C:\Users\clark\source\repos\COVID-19\sql>sqlite3 ../vscode/output.db ".read outputSqlite" 

C:\Users\clark\source\repos\COVID-19\sql>cd .. 

C:\Users\clark\source\repos\COVID-19>git commit -am "Daily Update" 
[master f3e1e8d3] Daily Update
 2 files changed, 246627 insertions(+), 246627 deletions(-)

C:\Users\clark\source\repos\COVID-19>git push 

C:\Users\clark\source\repos\COVID-19>git fetch 

C:\Users\clark\source\repos\COVID-19>git merge remotes/upstream/master 
Merge made by the 'recursive' strategy.
 .../csse_covid_19_daily_reports/06-24-2020.csv     |  66 +--
 .../csse_covid_19_daily_reports_us/06-24-2020.csv  | 116 ++---
 .../csse_covid_19_time_series/Errata.csv           |  10 +-
 .../time_series_covid19_confirmed_US.csv           |  90 ++--
 .../time_series_covid19_confirmed_global.csv       | 534 ++++++++++-----------
 .../time_series_covid19_deaths_US.csv              |   6 +-
 .../time_series_covid19_deaths_global.csv          | 534 ++++++++++-----------
 7 files changed, 682 insertions(+), 674 deletions(-)

C:\Users\clark\source\repos\COVID-19>cd vscode 

C:\Users\clark\source\repos\COVID-19\vscode>node convert.js 

C:\Users\clark\source\repos\COVID-19>git fetch 

C:\Users\clark\source\repos\COVID-19>git merge remotes/upstream/master 
Already up to date.

C:\Users\clark\source\repos\COVID-19>cd vscode 

C:\Users\clark\source\repos\COVID-19\vscode>node convert.js 

C:\Users\clark\source\repos\COVID-19>git fetch 

C:\Users\clark\source\repos\COVID-19>git merge remotes/upstream/master 
Already up to date.

C:\Users\clark\source\repos\COVID-19>cd vscode 

C:\Users\clark\source\repos\COVID-19\vscode>node convert.js 

C:\Users\clark\source\repos\COVID-19\vscode>cd ../sql 

C:\Users\clark\source\repos\COVID-19\sql>sqlite3 ../vscode/output.db ".read outputSqlite" 

C:\Users\clark\source\repos\COVID-19\sql>cd .. 

C:\Users\clark\source\repos\COVID-19>git commit -am "Daily Update" 
[master 1e168ef9] Daily Update
 4 files changed, 260678 insertions(+), 260661 deletions(-)

C:\Users\clark\source\repos\COVID-19>git push 

C:\Users\clark\source\repos\COVID-19>git fetch --all 
Fetching origin
Fetching upstream

C:\Users\clark\source\repos\COVID-19>git merge remotes/upstream/master 
Already up to date.

C:\Users\clark\source\repos\COVID-19>cd vscode 

C:\Users\clark\source\repos\COVID-19\vscode>node convert.js 

C:\Users\clark\source\repos\COVID-19\vscode>cd ../sql 

C:\Users\clark\source\repos\COVID-19\sql>sqlite3 ../vscode/output.db ".read outputSqlite" 

C:\Users\clark\source\repos\COVID-19\sql>cd .. 

C:\Users\clark\source\repos\COVID-19>git commit -am "Daily Update" 
[master 9e55fb1d] Daily Update
 3 files changed, 295094 insertions(+), 295075 deletions(-)

C:\Users\clark\source\repos\COVID-19>git push 

C:\Users\clark\source\repos\COVID-19>git fetch --all 
Fetching origin
Fetching upstream

C:\Users\clark\source\repos\COVID-19>git merge remotes/upstream/master 
Already up to date.

C:\Users\clark\source\repos\COVID-19>cd vscode 

C:\Users\clark\source\repos\COVID-19\vscode>node convert.js 

C:\Users\clark\source\repos\COVID-19\vscode>cd ../sql 

C:\Users\clark\source\repos\COVID-19\sql>sqlite3 ../vscode/output.db ".read outputSqlite" 

C:\Users\clark\source\repos\COVID-19\sql>git commit -am "Daily Update" 
[master bae64532] Daily Update
 3 files changed, 321757 insertions(+), 321740 deletions(-)

C:\Users\clark\source\repos\COVID-19\sql>git push 

C:\Users\clark\source\repos\COVID-19\sql>cd ../PowerBI 

C:\Users\clark\source\repos\COVID-19\PowerBI>del daily.csv 

C:\Users\clark\source\repos\COVID-19\PowerBI>wget https://covidtracking.com/api/v1/states/daily.csv 

C:\Users\clark\source\repos\COVID-19\PowerBI>cd .. 

C:\Users\clark\source\repos\COVID-19>git fetch --all 
Fetching origin
Fetching upstream

C:\Users\clark\source\repos\COVID-19>git merge remotes/upstream/master 
Merge made by the 'recursive' strategy.
 .../csse_covid_19_daily_reports/07-03-2020.csv     | 3798 ++++++++++++
 .../csse_covid_19_daily_reports_us/07-03-2020.csv  |   59 +
 .../time_series_covid19_confirmed_US.csv           | 6524 ++++++++++----------
 .../time_series_covid19_confirmed_global.csv       |  534 +-
 .../time_series_covid19_deaths_US.csv              | 6524 ++++++++++----------
 .../time_series_covid19_deaths_global.csv          |  534 +-
 .../time_series_covid19_recovered_global.csv       |  508 +-
 7 files changed, 11169 insertions(+), 7312 deletions(-)
 create mode 100644 csse_covid_19_data/csse_covid_19_daily_reports/07-03-2020.csv
 create mode 100644 csse_covid_19_data/csse_covid_19_daily_reports_us/07-03-2020.csv

C:\Users\clark\source\repos\COVID-19>cd vscode 

C:\Users\clark\source\repos\COVID-19\vscode>node convert.js 

C:\Users\clark\source\repos\COVID-19\vscode>cd ../sql 

C:\Users\clark\source\repos\COVID-19\sql>sqlite3 ../vscode/output.db ".read outputSqlite" 

C:\Users\clark\source\repos\COVID-19\sql>git commit -am "Daily Update" 
[master 6db0d9eb] Daily Update
 6 files changed, 329138 insertions(+), 325251 deletions(-)

C:\Users\clark\source\repos\COVID-19\sql>git push 

C:\Users\clark\source\repos\COVID-19\sql>cd ../PowerBI 

C:\Users\clark\source\repos\COVID-19\PowerBI>del daily.csv 

C:\Users\clark\source\repos\COVID-19\PowerBI>wget https://covidtracking.com/api/v1/states/daily.csv 

C:\Users\clark\source\repos\COVID-19\PowerBI>cd .. 

C:\Users\clark\source\repos\COVID-19>git fetch --all 
Fetching origin
Fetching upstream

C:\Users\clark\source\repos\COVID-19>git merge remotes/upstream/master 
Already up to date.

C:\Users\clark\source\repos\COVID-19>cd vscode 

C:\Users\clark\source\repos\COVID-19\vscode>node convert.js 

C:\Users\clark\source\repos\COVID-19\vscode>cd ../sql 

C:\Users\clark\source\repos\COVID-19\sql>sqlite3 ../vscode/output.db ".read outputSqlite" 

C:\Users\clark\source\repos\COVID-19\sql>git commit -am "Daily Update" 
[master c0a22296] Daily Update
 4 files changed, 332220 insertions(+), 332203 deletions(-)

C:\Users\clark\source\repos\COVID-19\sql>git push 

C:\Users\clark\source\repos\COVID-19\sql>cd ../PowerBI 

C:\Users\clark\source\repos\COVID-19\PowerBI>del daily.csv 

C:\Users\clark\source\repos\COVID-19\PowerBI>wget https://covidtracking.com/api/v1/states/daily.csv 

C:\Users\clark\source\repos\COVID-19\PowerBI>cd .. 

C:\Users\clark\source\repos\COVID-19>git fetch --all 
Fetching origin
Fetching upstream

C:\Users\clark\source\repos\COVID-19>git merge remotes/upstream/master 
Already up to date.

C:\Users\clark\source\repos\COVID-19>cd vscode 

C:\Users\clark\source\repos\COVID-19\vscode>node convert.js 

C:\Users\clark\source\repos\COVID-19\vscode>cd ../sql 

C:\Users\clark\source\repos\COVID-19\sql>sqlite3 ../vscode/output.db ".read outputSqlite" 

C:\Users\clark\source\repos\COVID-19\sql>git commit -am "Daily Update" 
[master 31a40f1f] Daily Update
 4 files changed, 353954 insertions(+), 353937 deletions(-)

C:\Users\clark\source\repos\COVID-19\sql>git push 

C:\Users\clark\source\repos\COVID-19\sql>cd ../PowerBI 

C:\Users\clark\source\repos\COVID-19\PowerBI>del daily.csv 

C:\Users\clark\source\repos\COVID-19\PowerBI>wget https://covidtracking.com/api/v1/states/daily.csv 

C:\Users\clark\source\repos\COVID-19\PowerBI>cd .. 

C:\Users\clark\source\repos\COVID-19>git fetch --all 
Fetching origin
Fetching upstream

C:\Users\clark\source\repos\COVID-19>git merge remotes/upstream/master 
Auto-merging README.md
Merge made by the 'recursive' strategy.
 README.md                                          |    2 +-
 csse_covid_19_data/README.md                       |    1 +
 .../csse_covid_19_daily_reports/07-07-2020.csv     | 3804 ++++++++++++
 .../csse_covid_19_daily_reports_us/07-07-2020.csv  |   59 +
 .../time_series_covid19_confirmed_US.csv           | 6524 ++++++++++----------
 .../time_series_covid19_confirmed_global.csv       |  534 +-
 .../time_series_covid19_deaths_US.csv              | 6524 ++++++++++----------
 .../time_series_covid19_deaths_global.csv          |  534 +-
 .../time_series_covid19_recovered_global.csv       |  508 +-
 9 files changed, 11177 insertions(+), 7313 deletions(-)
 create mode 100644 csse_covid_19_data/csse_covid_19_daily_reports/07-07-2020.csv
 create mode 100644 csse_covid_19_data/csse_covid_19_daily_reports_us/07-07-2020.csv

C:\Users\clark\source\repos\COVID-19>cd vscode 

C:\Users\clark\source\repos\COVID-19\vscode>node convert.js 

C:\Users\clark\source\repos\COVID-19\vscode>cd ../sql 

C:\Users\clark\source\repos\COVID-19\sql>sqlite3 ../vscode/output.db ".read outputSqlite" 

C:\Users\clark\source\repos\COVID-19\sql>git commit -am "Daily Update" 
[master 9f3156fb] Daily Update
 5 files changed, 290282 insertions(+), 286374 deletions(-)

C:\Users\clark\source\repos\COVID-19\sql>git push 

C:\Users\clark\source\repos\COVID-19\sql>cd ../PowerBI 

C:\Users\clark\source\repos\COVID-19\PowerBI>del daily.csv 

C:\Users\clark\source\repos\COVID-19\PowerBI>wget https://covidtracking.com/api/v1/states/daily.csv 

C:\Users\clark\source\repos\COVID-19\PowerBI>cd .. 

C:\Users\clark\source\repos\COVID-19>git fetch --all 
Fetching origin
Fetching upstream

C:\Users\clark\source\repos\COVID-19>git merge remotes/upstream/master 
Merge made by the 'recursive' strategy.
 .../csse_covid_19_daily_reports/07-08-2020.csv     | 3807 ++++++++++++
 .../csse_covid_19_daily_reports_us/07-08-2020.csv  |   59 +
 .../csse_covid_19_time_series/Errata.csv           |    4 +
 .../time_series_covid19_confirmed_US.csv           | 6524 ++++++++++----------
 .../time_series_covid19_confirmed_global.csv       |  534 +-
 .../time_series_covid19_deaths_US.csv              | 6524 ++++++++++----------
 .../time_series_covid19_deaths_global.csv          |  534 +-
 .../time_series_covid19_recovered_global.csv       |  508 +-
 8 files changed, 11182 insertions(+), 7312 deletions(-)
 create mode 100644 csse_covid_19_data/csse_covid_19_daily_reports/07-08-2020.csv
 create mode 100644 csse_covid_19_data/csse_covid_19_daily_reports_us/07-08-2020.csv

C:\Users\clark\source\repos\COVID-19>cd vscode 

C:\Users\clark\source\repos\COVID-19\vscode>node convert.js 

C:\Users\clark\source\repos\COVID-19>git fetch --all 
Fetching origin
Fetching upstream

C:\Users\clark\source\repos\COVID-19>git merge remotes/upstream/master 
Auto-merging README.md
Merge made by the 'recursive' strategy.
 README.md                                          |    4 +-
 .../csse_covid_19_daily_reports/07-09-2020.csv     | 3807 ++++++++++++
 .../csse_covid_19_daily_reports_us/07-09-2020.csv  |   59 +
 .../time_series_covid19_confirmed_US.csv           | 6524 ++++++++++----------
 .../time_series_covid19_confirmed_global.csv       |  534 +-
 .../time_series_covid19_deaths_US.csv              | 6524 ++++++++++----------
 .../time_series_covid19_deaths_global.csv          |  534 +-
 .../time_series_covid19_recovered_global.csv       |  508 +-
 8 files changed, 11181 insertions(+), 7313 deletions(-)
 create mode 100644 csse_covid_19_data/csse_covid_19_daily_reports/07-09-2020.csv
 create mode 100644 csse_covid_19_data/csse_covid_19_daily_reports_us/07-09-2020.csv

C:\Users\clark\source\repos\COVID-19>cd vscode 

C:\Users\clark\source\repos\COVID-19\vscode>node convert.js 

C:\Users\clark\source\repos\COVID-19>git fetch --all 
Fetching origin
Fetching upstream

C:\Users\clark\source\repos\COVID-19>git merge remotes/upstream/master 
Auto-merging README.md
Merge made by the 'recursive' strategy.
 README.md                                          |    2 +-
 .../csse_covid_19_daily_reports/07-10-2020.csv     | 3811 ++++++++++++
 .../csse_covid_19_daily_reports_us/07-10-2020.csv  |   59 +
 .../time_series_covid19_confirmed_US.csv           | 6524 ++++++++++----------
 .../time_series_covid19_confirmed_global.csv       |  534 +-
 .../time_series_covid19_deaths_US.csv              | 6524 ++++++++++----------
 .../time_series_covid19_deaths_global.csv          |  534 +-
 .../time_series_covid19_recovered_global.csv       |  508 +-
 8 files changed, 11183 insertions(+), 7313 deletions(-)
 create mode 100644 csse_covid_19_data/csse_covid_19_daily_reports/07-10-2020.csv
 create mode 100644 csse_covid_19_data/csse_covid_19_daily_reports_us/07-10-2020.csv

C:\Users\clark\source\repos\COVID-19>cd vscode 

C:\Users\clark\source\repos\COVID-19\vscode>node convert.js 

C:\Users\clark\source\repos\COVID-19\vscode>cd ../sql 

C:\Users\clark\source\repos\COVID-19\sql>sqlite3 ../vscode/output.db ".read outputSqlite" 

C:\Users\clark\source\repos\COVID-19\sql>git commit -am "Daily Update" 
[master 62d438a6] Daily Update
 7 files changed, 360140 insertions(+), 356182 deletions(-)

C:\Users\clark\source\repos\COVID-19\sql>git push 

C:\Users\clark\source\repos\COVID-19\sql>cd ../PowerBI 

C:\Users\clark\source\repos\COVID-19\PowerBI>del daily.csv 

C:\Users\clark\source\repos\COVID-19\PowerBI>wget https://covidtracking.com/api/v1/states/daily.csv 

C:\Users\clark\source\repos\COVID-19\PowerBI>cd .. 

C:\Users\clark\source\repos\COVID-19>git fetch --all 
Fetching origin
Fetching upstream

C:\Users\clark\source\repos\COVID-19>git merge remotes/upstream/master 
Merge made by the 'recursive' strategy.
 .../csse_covid_19_daily_reports/07-11-2020.csv     | 3812 ++++++++++++
 .../csse_covid_19_daily_reports_us/07-11-2020.csv  |   59 +
 .../time_series_covid19_confirmed_US.csv           | 6524 ++++++++++----------
 .../time_series_covid19_confirmed_global.csv       |  534 +-
 .../time_series_covid19_deaths_US.csv              | 6524 ++++++++++----------
 .../time_series_covid19_deaths_global.csv          |  534 +-
 .../time_series_covid19_recovered_global.csv       |  508 +-
 7 files changed, 11183 insertions(+), 7312 deletions(-)
 create mode 100644 csse_covid_19_data/csse_covid_19_daily_reports/07-11-2020.csv
 create mode 100644 csse_covid_19_data/csse_covid_19_daily_reports_us/07-11-2020.csv

C:\Users\clark\source\repos\COVID-19>cd vscode 

C:\Users\clark\source\repos\COVID-19\vscode>node convert.js 

C:\Users\clark\source\repos\COVID-19\vscode>cd ../sql 

C:\Users\clark\source\repos\COVID-19\sql>sqlite3 ../vscode/output.db ".read outputSqlite" 

C:\Users\clark\source\repos\COVID-19\sql>git commit -am "Daily Update" 
[master 7bbd2e36] Daily Update
 6 files changed, 323316 insertions(+), 319347 deletions(-)

C:\Users\clark\source\repos\COVID-19\sql>git push 

C:\Users\clark\source\repos\COVID-19\sql>cd ../PowerBI 

C:\Users\clark\source\repos\COVID-19\PowerBI>del daily.csv 

C:\Users\clark\source\repos\COVID-19\PowerBI>wget https://covidtracking.com/api/v1/states/daily.csv 

C:\Users\clark\source\repos\COVID-19\PowerBI>cd .. 

C:\Users\clark\source\repos\COVID-19>git fetch --all 
Fetching origin
Fetching upstream

C:\Users\clark\source\repos\COVID-19>git merge remotes/upstream/master 
Merge made by the 'recursive' strategy.
 csse_covid_19_data/README.md                       |   13 +
 .../csse_covid_19_daily_reports/07-12-2020.csv     | 3814 ++++++++++++
 .../csse_covid_19_daily_reports_us/07-12-2020.csv  |   59 +
 .../time_series_covid19_confirmed_US.csv           | 6524 ++++++++++----------
 .../time_series_covid19_confirmed_global.csv       |  534 +-
 .../time_series_covid19_deaths_US.csv              | 6524 ++++++++++----------
 .../time_series_covid19_deaths_global.csv          |  534 +-
 .../time_series_covid19_recovered_global.csv       |  508 +-
 8 files changed, 11198 insertions(+), 7312 deletions(-)
 create mode 100644 csse_covid_19_data/csse_covid_19_daily_reports/07-12-2020.csv
 create mode 100644 csse_covid_19_data/csse_covid_19_daily_reports_us/07-12-2020.csv

C:\Users\clark\source\repos\COVID-19>cd vscode 

C:\Users\clark\source\repos\COVID-19\vscode>node convert.js 

C:\Users\clark\source\repos\COVID-19\vscode>cd ../sql 

C:\Users\clark\source\repos\COVID-19\sql>sqlite3 ../vscode/output.db ".read outputSqlite" 

C:\Users\clark\source\repos\COVID-19\sql>git commit -am "Daily Update" 
[master 3e58193d] Daily Update
 6 files changed, 306221 insertions(+), 302249 deletions(-)

C:\Users\clark\source\repos\COVID-19\sql>git push 

C:\Users\clark\source\repos\COVID-19\sql>cd ../PowerBI 

C:\Users\clark\source\repos\COVID-19\PowerBI>del daily.csv 

C:\Users\clark\source\repos\COVID-19\PowerBI>wget https://covidtracking.com/api/v1/states/daily.csv 

C:\Users\clark\source\repos\COVID-19\PowerBI>cd .. 

C:\Users\clark\source\repos\COVID-19>git fetch --all 
Fetching origin
Fetching upstream

C:\Users\clark\source\repos\COVID-19>git merge remotes/upstream/master 
Merge made by the 'recursive' strategy.
 .../csse_covid_19_daily_reports/07-13-2020.csv     | 3816 ++++++++++++
 .../csse_covid_19_daily_reports_us/07-13-2020.csv  |   59 +
 .../time_series_covid19_confirmed_US.csv           | 6524 ++++++++++----------
 .../time_series_covid19_confirmed_global.csv       |  534 +-
 .../time_series_covid19_deaths_US.csv              | 6524 ++++++++++----------
 .../time_series_covid19_deaths_global.csv          |  534 +-
 .../time_series_covid19_recovered_global.csv       |  508 +-
 7 files changed, 11187 insertions(+), 7312 deletions(-)
 create mode 100644 csse_covid_19_data/csse_covid_19_daily_reports/07-13-2020.csv
 create mode 100644 csse_covid_19_data/csse_covid_19_daily_reports_us/07-13-2020.csv

C:\Users\clark\source\repos\COVID-19>cd vscode 

C:\Users\clark\source\repos\COVID-19\vscode>node convert.js 

C:\Users\clark\source\repos\COVID-19\vscode>cd ../sql 

C:\Users\clark\source\repos\COVID-19\sql>sqlite3 ../vscode/output.db ".read outputSqlite" 

C:\Users\clark\source\repos\COVID-19\sql>git commit -am "Daily Update" 
