
C:\Users\clark\source\repos\COVID-19>git fetch 

C:\Users\clark\source\repos\COVID-19>git merge remotes/upstream/master 
Already up to date.

C:\Users\clark\source\repos\COVID-19>cd vscode 

C:\Users\clark\source\repos\COVID-19\vscode>node convert.js 

C:\Users\clark\source\repos\COVID-19\vscode>cd ../sql 

C:\Users\clark\source\repos\COVID-19\sql>sqlite3 ../vscode/output.db ".read outputSqlite" 

C:\Users\clark\source\repos\COVID-19\sql>cd .. 

C:\Users\clark\source\repos\COVID-19>git commit -am "Daily Update" 
[master f3e1e8d3] Daily Update
 2 files changed, 246627 insertions(+), 246627 deletions(-)

C:\Users\clark\source\repos\COVID-19>git push 

C:\Users\clark\source\repos\COVID-19>git fetch 

C:\Users\clark\source\repos\COVID-19>git merge remotes/upstream/master 
Merge made by the 'recursive' strategy.
 .../csse_covid_19_daily_reports/06-24-2020.csv     |  66 +--
 .../csse_covid_19_daily_reports_us/06-24-2020.csv  | 116 ++---
 .../csse_covid_19_time_series/Errata.csv           |  10 +-
 .../time_series_covid19_confirmed_US.csv           |  90 ++--
 .../time_series_covid19_confirmed_global.csv       | 534 ++++++++++-----------
 .../time_series_covid19_deaths_US.csv              |   6 +-
 .../time_series_covid19_deaths_global.csv          | 534 ++++++++++-----------
 7 files changed, 682 insertions(+), 674 deletions(-)

C:\Users\clark\source\repos\COVID-19>cd vscode 

C:\Users\clark\source\repos\COVID-19\vscode>node convert.js 

C:\Users\clark\source\repos\COVID-19>git fetch 

C:\Users\clark\source\repos\COVID-19>git merge remotes/upstream/master 
Already up to date.

C:\Users\clark\source\repos\COVID-19>cd vscode 

C:\Users\clark\source\repos\COVID-19\vscode>node convert.js 

C:\Users\clark\source\repos\COVID-19>git fetch 

C:\Users\clark\source\repos\COVID-19>git merge remotes/upstream/master 
Already up to date.

C:\Users\clark\source\repos\COVID-19>cd vscode 

C:\Users\clark\source\repos\COVID-19\vscode>node convert.js 

C:\Users\clark\source\repos\COVID-19\vscode>cd ../sql 

C:\Users\clark\source\repos\COVID-19\sql>sqlite3 ../vscode/output.db ".read outputSqlite" 

C:\Users\clark\source\repos\COVID-19\sql>cd .. 

C:\Users\clark\source\repos\COVID-19>git commit -am "Daily Update" 
[master 1e168ef9] Daily Update
 4 files changed, 260678 insertions(+), 260661 deletions(-)

C:\Users\clark\source\repos\COVID-19>git push 

C:\Users\clark\source\repos\COVID-19>git fetch --all 
Fetching origin
Fetching upstream

C:\Users\clark\source\repos\COVID-19>git merge remotes/upstream/master 
Already up to date.

C:\Users\clark\source\repos\COVID-19>cd vscode 

C:\Users\clark\source\repos\COVID-19\vscode>node convert.js 

C:\Users\clark\source\repos\COVID-19\vscode>cd ../sql 

C:\Users\clark\source\repos\COVID-19\sql>sqlite3 ../vscode/output.db ".read outputSqlite" 

C:\Users\clark\source\repos\COVID-19\sql>cd .. 

C:\Users\clark\source\repos\COVID-19>git commit -am "Daily Update" 
[master 9e55fb1d] Daily Update
 3 files changed, 295094 insertions(+), 295075 deletions(-)

C:\Users\clark\source\repos\COVID-19>git push 

C:\Users\clark\source\repos\COVID-19>git fetch --all 
Fetching origin
Fetching upstream

C:\Users\clark\source\repos\COVID-19>git merge remotes/upstream/master 
Already up to date.

C:\Users\clark\source\repos\COVID-19>cd vscode 

C:\Users\clark\source\repos\COVID-19\vscode>node convert.js 

C:\Users\clark\source\repos\COVID-19\vscode>cd ../sql 

C:\Users\clark\source\repos\COVID-19\sql>sqlite3 ../vscode/output.db ".read outputSqlite" 

C:\Users\clark\source\repos\COVID-19\sql>git commit -am "Daily Update" 
[master bae64532] Daily Update
 3 files changed, 321757 insertions(+), 321740 deletions(-)

C:\Users\clark\source\repos\COVID-19\sql>git push 

C:\Users\clark\source\repos\COVID-19\sql>cd ../PowerBI 

C:\Users\clark\source\repos\COVID-19\PowerBI>del daily.csv 

C:\Users\clark\source\repos\COVID-19\PowerBI>wget https://covidtracking.com/api/v1/states/daily.csv 

C:\Users\clark\source\repos\COVID-19\PowerBI>cd .. 

C:\Users\clark\source\repos\COVID-19>git fetch --all 
Fetching origin
Fetching upstream

C:\Users\clark\source\repos\COVID-19>git merge remotes/upstream/master 
Merge made by the 'recursive' strategy.
 .../csse_covid_19_daily_reports/07-03-2020.csv     | 3798 ++++++++++++
 .../csse_covid_19_daily_reports_us/07-03-2020.csv  |   59 +
 .../time_series_covid19_confirmed_US.csv           | 6524 ++++++++++----------
 .../time_series_covid19_confirmed_global.csv       |  534 +-
 .../time_series_covid19_deaths_US.csv              | 6524 ++++++++++----------
 .../time_series_covid19_deaths_global.csv          |  534 +-
 .../time_series_covid19_recovered_global.csv       |  508 +-
 7 files changed, 11169 insertions(+), 7312 deletions(-)
 create mode 100644 csse_covid_19_data/csse_covid_19_daily_reports/07-03-2020.csv
 create mode 100644 csse_covid_19_data/csse_covid_19_daily_reports_us/07-03-2020.csv

C:\Users\clark\source\repos\COVID-19>cd vscode 

C:\Users\clark\source\repos\COVID-19\vscode>node convert.js 

C:\Users\clark\source\repos\COVID-19\vscode>cd ../sql 

C:\Users\clark\source\repos\COVID-19\sql>sqlite3 ../vscode/output.db ".read outputSqlite" 

C:\Users\clark\source\repos\COVID-19\sql>git commit -am "Daily Update" 
[master 6db0d9eb] Daily Update
 6 files changed, 329138 insertions(+), 325251 deletions(-)

C:\Users\clark\source\repos\COVID-19\sql>git push 

C:\Users\clark\source\repos\COVID-19\sql>cd ../PowerBI 

C:\Users\clark\source\repos\COVID-19\PowerBI>del daily.csv 

C:\Users\clark\source\repos\COVID-19\PowerBI>wget https://covidtracking.com/api/v1/states/daily.csv 

C:\Users\clark\source\repos\COVID-19\PowerBI>cd .. 

C:\Users\clark\source\repos\COVID-19>git fetch --all 
Fetching origin
Fetching upstream

C:\Users\clark\source\repos\COVID-19>git merge remotes/upstream/master 
Already up to date.

C:\Users\clark\source\repos\COVID-19>cd vscode 

C:\Users\clark\source\repos\COVID-19\vscode>node convert.js 

C:\Users\clark\source\repos\COVID-19\vscode>cd ../sql 

C:\Users\clark\source\repos\COVID-19\sql>sqlite3 ../vscode/output.db ".read outputSqlite" 

C:\Users\clark\source\repos\COVID-19\sql>git commit -am "Daily Update" 
[master c0a22296] Daily Update
 4 files changed, 332220 insertions(+), 332203 deletions(-)

C:\Users\clark\source\repos\COVID-19\sql>git push 

C:\Users\clark\source\repos\COVID-19\sql>cd ../PowerBI 

C:\Users\clark\source\repos\COVID-19\PowerBI>del daily.csv 

C:\Users\clark\source\repos\COVID-19\PowerBI>wget https://covidtracking.com/api/v1/states/daily.csv 

C:\Users\clark\source\repos\COVID-19\PowerBI>cd .. 

C:\Users\clark\source\repos\COVID-19>git fetch --all 
Fetching origin
Fetching upstream

C:\Users\clark\source\repos\COVID-19>git merge remotes/upstream/master 
Already up to date.

C:\Users\clark\source\repos\COVID-19>cd vscode 

C:\Users\clark\source\repos\COVID-19\vscode>node convert.js 

C:\Users\clark\source\repos\COVID-19\vscode>cd ../sql 

C:\Users\clark\source\repos\COVID-19\sql>sqlite3 ../vscode/output.db ".read outputSqlite" 

C:\Users\clark\source\repos\COVID-19\sql>git commit -am "Daily Update" 
[master 31a40f1f] Daily Update
 4 files changed, 353954 insertions(+), 353937 deletions(-)

C:\Users\clark\source\repos\COVID-19\sql>git push 

C:\Users\clark\source\repos\COVID-19\sql>cd ../PowerBI 

C:\Users\clark\source\repos\COVID-19\PowerBI>del daily.csv 

C:\Users\clark\source\repos\COVID-19\PowerBI>wget https://covidtracking.com/api/v1/states/daily.csv 

C:\Users\clark\source\repos\COVID-19\PowerBI>cd .. 

C:\Users\clark\source\repos\COVID-19>git fetch --all 
Fetching origin
Fetching upstream

C:\Users\clark\source\repos\COVID-19>git merge remotes/upstream/master 
Auto-merging README.md
Merge made by the 'recursive' strategy.
 README.md                                          |    2 +-
 csse_covid_19_data/README.md                       |    1 +
 .../csse_covid_19_daily_reports/07-07-2020.csv     | 3804 ++++++++++++
 .../csse_covid_19_daily_reports_us/07-07-2020.csv  |   59 +
 .../time_series_covid19_confirmed_US.csv           | 6524 ++++++++++----------
 .../time_series_covid19_confirmed_global.csv       |  534 +-
 .../time_series_covid19_deaths_US.csv              | 6524 ++++++++++----------
 .../time_series_covid19_deaths_global.csv          |  534 +-
 .../time_series_covid19_recovered_global.csv       |  508 +-
 9 files changed, 11177 insertions(+), 7313 deletions(-)
 create mode 100644 csse_covid_19_data/csse_covid_19_daily_reports/07-07-2020.csv
 create mode 100644 csse_covid_19_data/csse_covid_19_daily_reports_us/07-07-2020.csv

C:\Users\clark\source\repos\COVID-19>cd vscode 

C:\Users\clark\source\repos\COVID-19\vscode>node convert.js 

C:\Users\clark\source\repos\COVID-19\vscode>cd ../sql 

C:\Users\clark\source\repos\COVID-19\sql>sqlite3 ../vscode/output.db ".read outputSqlite" 

C:\Users\clark\source\repos\COVID-19\sql>git commit -am "Daily Update" 
[master 9f3156fb] Daily Update
 5 files changed, 290282 insertions(+), 286374 deletions(-)

C:\Users\clark\source\repos\COVID-19\sql>git push 

C:\Users\clark\source\repos\COVID-19\sql>cd ../PowerBI 

C:\Users\clark\source\repos\COVID-19\PowerBI>del daily.csv 

C:\Users\clark\source\repos\COVID-19\PowerBI>wget https://covidtracking.com/api/v1/states/daily.csv 

C:\Users\clark\source\repos\COVID-19\PowerBI>cd .. 

C:\Users\clark\source\repos\COVID-19>git fetch --all 
Fetching origin
Fetching upstream

C:\Users\clark\source\repos\COVID-19>git merge remotes/upstream/master 
Merge made by the 'recursive' strategy.
 .../csse_covid_19_daily_reports/07-08-2020.csv     | 3807 ++++++++++++
 .../csse_covid_19_daily_reports_us/07-08-2020.csv  |   59 +
 .../csse_covid_19_time_series/Errata.csv           |    4 +
 .../time_series_covid19_confirmed_US.csv           | 6524 ++++++++++----------
 .../time_series_covid19_confirmed_global.csv       |  534 +-
 .../time_series_covid19_deaths_US.csv              | 6524 ++++++++++----------
 .../time_series_covid19_deaths_global.csv          |  534 +-
 .../time_series_covid19_recovered_global.csv       |  508 +-
 8 files changed, 11182 insertions(+), 7312 deletions(-)
 create mode 100644 csse_covid_19_data/csse_covid_19_daily_reports/07-08-2020.csv
 create mode 100644 csse_covid_19_data/csse_covid_19_daily_reports_us/07-08-2020.csv

C:\Users\clark\source\repos\COVID-19>cd vscode 

C:\Users\clark\source\repos\COVID-19\vscode>node convert.js 

C:\Users\clark\source\repos\COVID-19>git fetch --all 
Fetching origin
Fetching upstream

C:\Users\clark\source\repos\COVID-19>git merge remotes/upstream/master 
Auto-merging README.md
Merge made by the 'recursive' strategy.
 README.md                                          |    4 +-
 .../csse_covid_19_daily_reports/07-09-2020.csv     | 3807 ++++++++++++
 .../csse_covid_19_daily_reports_us/07-09-2020.csv  |   59 +
 .../time_series_covid19_confirmed_US.csv           | 6524 ++++++++++----------
 .../time_series_covid19_confirmed_global.csv       |  534 +-
 .../time_series_covid19_deaths_US.csv              | 6524 ++++++++++----------
 .../time_series_covid19_deaths_global.csv          |  534 +-
 .../time_series_covid19_recovered_global.csv       |  508 +-
 8 files changed, 11181 insertions(+), 7313 deletions(-)
 create mode 100644 csse_covid_19_data/csse_covid_19_daily_reports/07-09-2020.csv
 create mode 100644 csse_covid_19_data/csse_covid_19_daily_reports_us/07-09-2020.csv

C:\Users\clark\source\repos\COVID-19>cd vscode 

C:\Users\clark\source\repos\COVID-19\vscode>node convert.js 

C:\Users\clark\source\repos\COVID-19>git fetch --all 
Fetching origin
Fetching upstream

C:\Users\clark\source\repos\COVID-19>git merge remotes/upstream/master 
Auto-merging README.md
Merge made by the 'recursive' strategy.
 README.md                                          |    2 +-
 .../csse_covid_19_daily_reports/07-10-2020.csv     | 3811 ++++++++++++
 .../csse_covid_19_daily_reports_us/07-10-2020.csv  |   59 +
 .../time_series_covid19_confirmed_US.csv           | 6524 ++++++++++----------
 .../time_series_covid19_confirmed_global.csv       |  534 +-
 .../time_series_covid19_deaths_US.csv              | 6524 ++++++++++----------
 .../time_series_covid19_deaths_global.csv          |  534 +-
 .../time_series_covid19_recovered_global.csv       |  508 +-
 8 files changed, 11183 insertions(+), 7313 deletions(-)
 create mode 100644 csse_covid_19_data/csse_covid_19_daily_reports/07-10-2020.csv
 create mode 100644 csse_covid_19_data/csse_covid_19_daily_reports_us/07-10-2020.csv

C:\Users\clark\source\repos\COVID-19>cd vscode 

C:\Users\clark\source\repos\COVID-19\vscode>node convert.js 

C:\Users\clark\source\repos\COVID-19\vscode>cd ../sql 

C:\Users\clark\source\repos\COVID-19\sql>sqlite3 ../vscode/output.db ".read outputSqlite" 

C:\Users\clark\source\repos\COVID-19\sql>git commit -am "Daily Update" 
[master 62d438a6] Daily Update
 7 files changed, 360140 insertions(+), 356182 deletions(-)

C:\Users\clark\source\repos\COVID-19\sql>git push 

C:\Users\clark\source\repos\COVID-19\sql>cd ../PowerBI 

C:\Users\clark\source\repos\COVID-19\PowerBI>del daily.csv 

C:\Users\clark\source\repos\COVID-19\PowerBI>wget https://covidtracking.com/api/v1/states/daily.csv 

C:\Users\clark\source\repos\COVID-19\PowerBI>cd .. 

C:\Users\clark\source\repos\COVID-19>git fetch --all 
Fetching origin
Fetching upstream

C:\Users\clark\source\repos\COVID-19>git merge remotes/upstream/master 
Merge made by the 'recursive' strategy.
 .../csse_covid_19_daily_reports/07-11-2020.csv     | 3812 ++++++++++++
 .../csse_covid_19_daily_reports_us/07-11-2020.csv  |   59 +
 .../time_series_covid19_confirmed_US.csv           | 6524 ++++++++++----------
 .../time_series_covid19_confirmed_global.csv       |  534 +-
 .../time_series_covid19_deaths_US.csv              | 6524 ++++++++++----------
 .../time_series_covid19_deaths_global.csv          |  534 +-
 .../time_series_covid19_recovered_global.csv       |  508 +-
 7 files changed, 11183 insertions(+), 7312 deletions(-)
 create mode 100644 csse_covid_19_data/csse_covid_19_daily_reports/07-11-2020.csv
 create mode 100644 csse_covid_19_data/csse_covid_19_daily_reports_us/07-11-2020.csv

C:\Users\clark\source\repos\COVID-19>cd vscode 

C:\Users\clark\source\repos\COVID-19\vscode>node convert.js 

C:\Users\clark\source\repos\COVID-19\vscode>cd ../sql 

C:\Users\clark\source\repos\COVID-19\sql>sqlite3 ../vscode/output.db ".read outputSqlite" 

C:\Users\clark\source\repos\COVID-19\sql>git commit -am "Daily Update" 
[master 7bbd2e36] Daily Update
 6 files changed, 323316 insertions(+), 319347 deletions(-)

C:\Users\clark\source\repos\COVID-19\sql>git push 

C:\Users\clark\source\repos\COVID-19\sql>cd ../PowerBI 

C:\Users\clark\source\repos\COVID-19\PowerBI>del daily.csv 

C:\Users\clark\source\repos\COVID-19\PowerBI>wget https://covidtracking.com/api/v1/states/daily.csv 

C:\Users\clark\source\repos\COVID-19\PowerBI>cd .. 

C:\Users\clark\source\repos\COVID-19>git fetch --all 
Fetching origin
Fetching upstream

C:\Users\clark\source\repos\COVID-19>git merge remotes/upstream/master 
Merge made by the 'recursive' strategy.
 csse_covid_19_data/README.md                       |   13 +
 .../csse_covid_19_daily_reports/07-12-2020.csv     | 3814 ++++++++++++
 .../csse_covid_19_daily_reports_us/07-12-2020.csv  |   59 +
 .../time_series_covid19_confirmed_US.csv           | 6524 ++++++++++----------
 .../time_series_covid19_confirmed_global.csv       |  534 +-
 .../time_series_covid19_deaths_US.csv              | 6524 ++++++++++----------
 .../time_series_covid19_deaths_global.csv          |  534 +-
 .../time_series_covid19_recovered_global.csv       |  508 +-
 8 files changed, 11198 insertions(+), 7312 deletions(-)
 create mode 100644 csse_covid_19_data/csse_covid_19_daily_reports/07-12-2020.csv
 create mode 100644 csse_covid_19_data/csse_covid_19_daily_reports_us/07-12-2020.csv

C:\Users\clark\source\repos\COVID-19>cd vscode 

C:\Users\clark\source\repos\COVID-19\vscode>node convert.js 

C:\Users\clark\source\repos\COVID-19\vscode>cd ../sql 

C:\Users\clark\source\repos\COVID-19\sql>sqlite3 ../vscode/output.db ".read outputSqlite" 

C:\Users\clark\source\repos\COVID-19\sql>git commit -am "Daily Update" 
[master 3e58193d] Daily Update
 6 files changed, 306221 insertions(+), 302249 deletions(-)

C:\Users\clark\source\repos\COVID-19\sql>git push 

C:\Users\clark\source\repos\COVID-19\sql>cd ../PowerBI 

C:\Users\clark\source\repos\COVID-19\PowerBI>del daily.csv 

C:\Users\clark\source\repos\COVID-19\PowerBI>wget https://covidtracking.com/api/v1/states/daily.csv 

C:\Users\clark\source\repos\COVID-19\PowerBI>cd .. 

C:\Users\clark\source\repos\COVID-19>git fetch --all 
Fetching origin
Fetching upstream

C:\Users\clark\source\repos\COVID-19>git merge remotes/upstream/master 
Merge made by the 'recursive' strategy.
 .../csse_covid_19_daily_reports/07-13-2020.csv     | 3816 ++++++++++++
 .../csse_covid_19_daily_reports_us/07-13-2020.csv  |   59 +
 .../time_series_covid19_confirmed_US.csv           | 6524 ++++++++++----------
 .../time_series_covid19_confirmed_global.csv       |  534 +-
 .../time_series_covid19_deaths_US.csv              | 6524 ++++++++++----------
 .../time_series_covid19_deaths_global.csv          |  534 +-
 .../time_series_covid19_recovered_global.csv       |  508 +-
 7 files changed, 11187 insertions(+), 7312 deletions(-)
 create mode 100644 csse_covid_19_data/csse_covid_19_daily_reports/07-13-2020.csv
 create mode 100644 csse_covid_19_data/csse_covid_19_daily_reports_us/07-13-2020.csv

C:\Users\clark\source\repos\COVID-19>cd vscode 

C:\Users\clark\source\repos\COVID-19\vscode>node convert.js 

C:\Users\clark\source\repos\COVID-19\vscode>cd ../sql 

C:\Users\clark\source\repos\COVID-19\sql>sqlite3 ../vscode/output.db ".read outputSqlite" 

C:\Users\clark\source\repos\COVID-19\sql>git commit -am "Daily Update" 
[master 6a82f4c0] Daily Update
 8 files changed, 323476 insertions(+), 319440 deletions(-)

C:\Users\clark\source\repos\COVID-19\sql>git push 

C:\Users\clark\source\repos\COVID-19\sql>cd ../PowerBI 

C:\Users\clark\source\repos\COVID-19\PowerBI>del daily.csv 

C:\Users\clark\source\repos\COVID-19\PowerBI>wget https://covidtracking.com/api/v1/states/daily.csv 

C:\Users\clark\source\repos\COVID-19\PowerBI>cd .. 

C:\Users\clark\source\repos\COVID-19>git fetch --all 
Fetching origin
Fetching upstream

C:\Users\clark\source\repos\COVID-19>git merge remotes/upstream/master 
Auto-merging README.md
Merge made by the 'recursive' strategy.
 README.md                                          |    2 +
 csse_covid_19_data/README.md                       |    1 +
 csse_covid_19_data/UID_ISO_FIPS_LookUp_Table.csv   |   55 +-
 .../csse_covid_19_daily_reports/06-02-2020.csv     | 7284 +++++++++----------
 .../csse_covid_19_daily_reports/07-13-2020.csv     | 7632 ++++++++++----------
 .../csse_covid_19_daily_reports/07-14-2020.csv     | 3822 ++++++++++
 .../csse_covid_19_daily_reports_us/07-13-2020.csv  |  118 +-
 .../csse_covid_19_daily_reports_us/07-14-2020.csv  |   59 +
 .../csse_covid_19_time_series/Errata.csv           |    6 +
 .../time_series_covid19_confirmed_US.csv           | 6524 ++++++++---------
 .../time_series_covid19_confirmed_global.csv       |  534 +-
 .../time_series_covid19_deaths_US.csv              | 6524 ++++++++---------
 .../time_series_covid19_deaths_global.csv          |  534 +-
 .../time_series_covid19_recovered_global.csv       |  508 +-
 14 files changed, 18770 insertions(+), 14833 deletions(-)
 create mode 100644 csse_covid_19_data/csse_covid_19_daily_reports/07-14-2020.csv
 create mode 100644 csse_covid_19_data/csse_covid_19_daily_reports_us/07-14-2020.csv

C:\Users\clark\source\repos\COVID-19>cd vscode 

C:\Users\clark\source\repos\COVID-19\vscode>node convert.js 

C:\Users\clark\source\repos\COVID-19\vscode>cd ../sql 

C:\Users\clark\source\repos\COVID-19\sql>sqlite3 ../vscode/output.db ".read outputSqlite" 

C:\Users\clark\source\repos\COVID-19\sql>git commit -am "Daily Update" 
[master a3087ef4] Daily Update
 6 files changed, 320210 insertions(+), 316223 deletions(-)

C:\Users\clark\source\repos\COVID-19\sql>git push 

C:\Users\clark\source\repos\COVID-19\sql>cd ../PowerBI 

C:\Users\clark\source\repos\COVID-19\PowerBI>del daily.csv 

C:\Users\clark\source\repos\COVID-19\PowerBI>wget https://covidtracking.com/api/v1/states/daily.csv 

C:\Users\clark\source\repos\COVID-19\PowerBI>cd .. 

C:\Users\clark\source\repos\COVID-19>git fetch --all 
Fetching origin
Fetching upstream

C:\Users\clark\source\repos\COVID-19>git merge remotes/upstream/master 
Auto-merging README.md
Merge made by the 'recursive' strategy.
 README.md                                          |    3 +
 csse_covid_19_data/README.md                       |    4 +-
 csse_covid_19_data/UID_ISO_FIPS_LookUp_Table.csv   |   92 +-
 .../csse_covid_19_daily_reports/04-27-2020.csv     |    2 +-
 .../csse_covid_19_daily_reports/07-14-2020.csv     |    2 +-
 .../csse_covid_19_daily_reports/07-15-2020.csv     | 3823 ++++++++++++
 .../csse_covid_19_daily_reports_us/04-27-2020.csv  |    2 +-
 .../csse_covid_19_daily_reports_us/07-15-2020.csv  |   59 +
 .../csse_covid_19_time_series/Errata.csv           |   20 +-
 .../time_series_covid19_confirmed_US.csv           | 6524 ++++++++++----------
 .../time_series_covid19_confirmed_global.csv       |  534 +-
 .../time_series_covid19_deaths_US.csv              | 6524 ++++++++++----------
 .../time_series_covid19_deaths_global.csv          |  534 +-
 .../time_series_covid19_recovered_global.csv       |  508 +-
 14 files changed, 11302 insertions(+), 7329 deletions(-)
 create mode 100644 csse_covid_19_data/csse_covid_19_daily_reports/07-15-2020.csv
 create mode 100644 csse_covid_19_data/csse_covid_19_daily_reports_us/07-15-2020.csv

C:\Users\clark\source\repos\COVID-19>cd vscode 

C:\Users\clark\source\repos\COVID-19\vscode>node convert.js 

C:\Users\clark\source\repos\COVID-19\vscode>cd ../sql 

C:\Users\clark\source\repos\COVID-19\sql>sqlite3 ../vscode/output.db ".read outputSqlite" 

C:\Users\clark\source\repos\COVID-19\sql>git commit -am "Daily Update" 
[master f9820846] Daily Update
 7 files changed, 345586 insertions(+), 341598 deletions(-)

C:\Users\clark\source\repos\COVID-19\sql>git push 

C:\Users\clark\source\repos\COVID-19\sql>cd ../PowerBI 

C:\Users\clark\source\repos\COVID-19\PowerBI>del daily.csv 

C:\Users\clark\source\repos\COVID-19\PowerBI>wget https://covidtracking.com/api/v1/states/daily.csv 

C:\Users\clark\source\repos\COVID-19\PowerBI>cd .. 

C:\Users\clark\source\repos\COVID-19>git fetch --all 
Fetching origin
Fetching upstream

C:\Users\clark\source\repos\COVID-19>git merge remotes/upstream/master 
Auto-merging README.md
Merge made by the 'recursive' strategy.
 README.md                                          |   45 +-
 csse_covid_19_data/UID_ISO_FIPS_LookUp_Table.csv   |   13 +
 .../csse_covid_19_daily_reports/07-16-2020.csv     | 3825 ++++++++++++
 .../csse_covid_19_daily_reports_us/07-16-2020.csv  |   59 +
 .../csse_covid_19_time_series/Errata.csv           |    4 +
 .../time_series_covid19_confirmed_US.csv           | 6524 ++++++++++----------
 .../time_series_covid19_confirmed_global.csv       |  534 +-
 .../time_series_covid19_deaths_US.csv              | 6524 ++++++++++----------
 .../time_series_covid19_deaths_global.csv          |  534 +-
 .../time_series_covid19_recovered_global.csv       |  508 +-
 10 files changed, 11241 insertions(+), 7329 deletions(-)
 create mode 100644 csse_covid_19_data/csse_covid_19_daily_reports/07-16-2020.csv
 create mode 100644 csse_covid_19_data/csse_covid_19_daily_reports_us/07-16-2020.csv

C:\Users\clark\source\repos\COVID-19>cd vscode 

C:\Users\clark\source\repos\COVID-19\vscode>node convert.js 

C:\Users\clark\source\repos\COVID-19\vscode>cd ../sql 

C:\Users\clark\source\repos\COVID-19\sql>sqlite3 ../vscode/output.db ".read outputSqlite" 

C:\Users\clark\source\repos\COVID-19\sql>git commit -am "Daily Update" 
[master b7918e15] Daily Update
 6 files changed, 327320 insertions(+), 323334 deletions(-)

C:\Users\clark\source\repos\COVID-19\sql>git push 

C:\Users\clark\source\repos\COVID-19\sql>cd ../PowerBI 

C:\Users\clark\source\repos\COVID-19\PowerBI>del daily.csv 

C:\Users\clark\source\repos\COVID-19\PowerBI>wget https://covidtracking.com/api/v1/states/daily.csv 

C:\Users\clark\source\repos\COVID-19\PowerBI>cd .. 

C:\Users\clark\source\repos\COVID-19>git fetch --all 
Fetching origin
Fetching upstream

C:\Users\clark\source\repos\COVID-19>git merge remotes/upstream/master 
Auto-merging README.md
Merge made by the 'recursive' strategy.
 README.md                                          |   10 +-
 csse_covid_19_data/README.md                       |   14 +-
 csse_covid_19_data/UID_ISO_FIPS_LookUp_Table.csv   |    1 +
 .../csse_covid_19_daily_reports/07-17-2020.csv     | 3838 ++++++++++++
 .../csse_covid_19_daily_reports_us/07-17-2020.csv  |   59 +
 .../csse_covid_19_time_series/Errata.csv           |    2 +
 .../time_series_covid19_confirmed_US.csv           | 6524 ++++++++++----------
 .../time_series_covid19_confirmed_global.csv       |  534 +-
 .../time_series_covid19_deaths_US.csv              | 6524 ++++++++++----------
 .../time_series_covid19_deaths_global.csv          |  534 +-
 .../time_series_covid19_recovered_global.csv       |  508 +-
 11 files changed, 11225 insertions(+), 7323 deletions(-)
 create mode 100644 csse_covid_19_data/csse_covid_19_daily_reports/07-17-2020.csv
 create mode 100644 csse_covid_19_data/csse_covid_19_daily_reports_us/07-17-2020.csv

C:\Users\clark\source\repos\COVID-19>cd vscode 

C:\Users\clark\source\repos\COVID-19\vscode>node convert.js 

C:\Users\clark\source\repos\COVID-19\vscode>cd ../sql 

C:\Users\clark\source\repos\COVID-19\sql>sqlite3 ../vscode/output.db ".read outputSqlite" 

C:\Users\clark\source\repos\COVID-19\sql>git commit -am "Daily Update" 
[master aa8d97c2] Daily Update
 6 files changed, 355796 insertions(+), 351796 deletions(-)

C:\Users\clark\source\repos\COVID-19\sql>git push 

C:\Users\clark\source\repos\COVID-19\sql>cd ../PowerBI 

C:\Users\clark\source\repos\COVID-19\PowerBI>del daily.csv 

C:\Users\clark\source\repos\COVID-19\PowerBI>wget https://covidtracking.com/api/v1/states/daily.csv 

C:\Users\clark\source\repos\COVID-19\PowerBI>cd .. 

C:\Users\clark\source\repos\COVID-19>git fetch --all 
Fetching origin
Fetching upstream

C:\Users\clark\source\repos\COVID-19>git merge remotes/upstream/master 
Merge made by the 'recursive' strategy.
 csse_covid_19_data/README.md                       |    1 +
 .../csse_covid_19_daily_reports/07-18-2020.csv     | 3919 ++++++++++++
 .../csse_covid_19_daily_reports_us/07-18-2020.csv  |   59 +
 .../time_series_covid19_confirmed_US.csv           | 6603 ++++++++++----------
 .../time_series_covid19_confirmed_global.csv       |  534 +-
 .../time_series_covid19_deaths_US.csv              | 6603 ++++++++++----------
 .../time_series_covid19_deaths_global.csv          |  534 +-
 .../time_series_covid19_recovered_global.csv       |  508 +-
 8 files changed, 11449 insertions(+), 7312 deletions(-)
 create mode 100644 csse_covid_19_data/csse_covid_19_daily_reports/07-18-2020.csv
 create mode 100644 csse_covid_19_data/csse_covid_19_daily_reports_us/07-18-2020.csv

C:\Users\clark\source\repos\COVID-19>cd vscode 

C:\Users\clark\source\repos\COVID-19\vscode>node convert.js 

C:\Users\clark\source\repos\COVID-19\vscode>cd ../sql 

C:\Users\clark\source\repos\COVID-19\sql>sqlite3 ../vscode/output.db ".read outputSqlite" 

C:\Users\clark\source\repos\COVID-19\sql>git commit -am "Daily Update" 
[master cdf698fc] Daily Update
 6 files changed, 387970 insertions(+), 383893 deletions(-)

C:\Users\clark\source\repos\COVID-19\sql>git push 

C:\Users\clark\source\repos\COVID-19\sql>cd ../PowerBI 

C:\Users\clark\source\repos\COVID-19\PowerBI>del daily.csv 

C:\Users\clark\source\repos\COVID-19\PowerBI>wget https://covidtracking.com/api/v1/states/daily.csv 

C:\Users\clark\source\repos\COVID-19\PowerBI>cd .. 

C:\Users\clark\source\repos\COVID-19>git fetch --all 
Fetching origin
Fetching upstream

C:\Users\clark\source\repos\COVID-19>git merge remotes/upstream/master 
Auto-merging README.md
Merge made by the 'recursive' strategy.
 README.md                                          |   12 +-
 csse_covid_19_data/UID_ISO_FIPS_LookUp_Table.csv   |    2 +-
 .../csse_covid_19_daily_reports/07-18-2020.csv     |    2 +-
 .../csse_covid_19_daily_reports/07-19-2020.csv     | 3920 ++++++++++++
 .../csse_covid_19_daily_reports_us/07-19-2020.csv  |   59 +
 .../csse_covid_19_time_series/Errata.csv           |    3 +
 .../time_series_covid19_confirmed_US.csv           | 6682 ++++++++++----------
 .../time_series_covid19_confirmed_global.csv       |  534 +-
 .../time_series_covid19_deaths_US.csv              | 6682 ++++++++++----------
 .../time_series_covid19_deaths_global.csv          |  534 +-
 .../time_series_covid19_recovered_global.csv       |  508 +-
 11 files changed, 11459 insertions(+), 7479 deletions(-)
 create mode 100644 csse_covid_19_data/csse_covid_19_daily_reports/07-19-2020.csv
 create mode 100644 csse_covid_19_data/csse_covid_19_daily_reports_us/07-19-2020.csv

C:\Users\clark\source\repos\COVID-19>cd vscode 

C:\Users\clark\source\repos\COVID-19\vscode>node convert.js 

C:\Users\clark\source\repos\COVID-19\vscode>cd ../sql 

C:\Users\clark\source\repos\COVID-19\sql>sqlite3 ../vscode/output.db ".read outputSqlite" 

C:\Users\clark\source\repos\COVID-19\sql>git commit -am "Daily Update" 
[master e21e22c8] Daily Update
 6 files changed, 399541 insertions(+), 395459 deletions(-)

C:\Users\clark\source\repos\COVID-19\sql>git push 

C:\Users\clark\source\repos\COVID-19\sql>cd ../PowerBI 

C:\Users\clark\source\repos\COVID-19\PowerBI>del daily.csv 

C:\Users\clark\source\repos\COVID-19\PowerBI>wget https://covidtracking.com/api/v1/states/daily.csv 

C:\Users\clark\source\repos\COVID-19\PowerBI>cd .. 

C:\Users\clark\source\repos\COVID-19>git fetch --all 
Fetching origin
Fetching upstream

C:\Users\clark\source\repos\COVID-19>git merge remotes/upstream/master 
Auto-merging README.md
Merge made by the 'recursive' strategy.
 README.md                                          |   11 +-
 csse_covid_19_data/README.md                       |    7 +-
 .../csse_covid_19_daily_reports/07-20-2020.csv     | 3922 ++++++++++++
 .../csse_covid_19_daily_reports_us/07-20-2020.csv  |   59 +
 .../time_series_covid19_confirmed_US.csv           | 6682 ++++++++++----------
 .../time_series_covid19_confirmed_global.csv       |  534 +-
 .../time_series_covid19_deaths_US.csv              | 6682 ++++++++++----------
 .../time_series_covid19_deaths_global.csv          |  534 +-
 .../time_series_covid19_recovered_global.csv       |  508 +-
 9 files changed, 11464 insertions(+), 7475 deletions(-)
 create mode 100644 csse_covid_19_data/csse_covid_19_daily_reports/07-20-2020.csv
 create mode 100644 csse_covid_19_data/csse_covid_19_daily_reports_us/07-20-2020.csv

C:\Users\clark\source\repos\COVID-19>cd vscode 

C:\Users\clark\source\repos\COVID-19\vscode>node convert.js 

C:\Users\clark\source\repos\COVID-19\vscode>cd ../sql 

C:\Users\clark\source\repos\COVID-19\sql>sqlite3 ../vscode/output.db ".read outputSqlite" 

C:\Users\clark\source\repos\COVID-19\sql>git commit -am "Daily Update" 
[master 28c620b8] Daily Update
 8 files changed, 380306 insertions(+), 376161 deletions(-)

C:\Users\clark\source\repos\COVID-19\sql>git push 

C:\Users\clark\source\repos\COVID-19\sql>cd ../PowerBI 

C:\Users\clark\source\repos\COVID-19\PowerBI>del daily.csv 

C:\Users\clark\source\repos\COVID-19\PowerBI>wget https://covidtracking.com/api/v1/states/daily.csv 

C:\Users\clark\source\repos\COVID-19\PowerBI>cd .. 

C:\Users\clark\source\repos\COVID-19>git fetch --all 
Fetching origin
Fetching upstream

C:\Users\clark\source\repos\COVID-19>git merge remotes/upstream/master 
Auto-merging README.md
Merge made by the 'recursive' strategy.
 README.md                                          |    3 +
 .../csse_covid_19_daily_reports/07-20-2020.csv     | 7844 ++++++++++----------
 .../csse_covid_19_daily_reports/07-21-2020.csv     | 3925 ++++++++++
 .../csse_covid_19_daily_reports_us/07-20-2020.csv  |  118 +-
 .../csse_covid_19_daily_reports_us/07-21-2020.csv  |   59 +
 .../csse_covid_19_time_series/Errata.csv           |    4 +
 .../time_series_covid19_confirmed_US.csv           | 6682 ++++++++---------
 .../time_series_covid19_confirmed_global.csv       |  534 +-
 .../time_series_covid19_deaths_US.csv              | 6682 ++++++++---------
 .../time_series_covid19_deaths_global.csv          |  534 +-
 .../time_series_covid19_recovered_global.csv       |  508 +-
 11 files changed, 15442 insertions(+), 11451 deletions(-)
 create mode 100644 csse_covid_19_data/csse_covid_19_daily_reports/07-21-2020.csv
 create mode 100644 csse_covid_19_data/csse_covid_19_daily_reports_us/07-21-2020.csv

C:\Users\clark\source\repos\COVID-19>cd vscode 

C:\Users\clark\source\repos\COVID-19\vscode>node convert.js 

C:\Users\clark\source\repos\COVID-19\vscode>cd ../sql 

C:\Users\clark\source\repos\COVID-19\sql>sqlite3 ../vscode/output.db ".read outputSqlite" 

C:\Users\clark\source\repos\COVID-19\sql>git commit -am "Daily Update" 
[master 44e76b7a] Daily Update
 6 files changed, 354747 insertions(+), 350660 deletions(-)

C:\Users\clark\source\repos\COVID-19\sql>git push 

C:\Users\clark\source\repos\COVID-19\sql>cd ../PowerBI 

C:\Users\clark\source\repos\COVID-19\PowerBI>del daily.csv 

C:\Users\clark\source\repos\COVID-19\PowerBI>wget https://covidtracking.com/api/v1/states/daily.csv 

C:\Users\clark\source\repos\COVID-19\PowerBI>cd .. 

C:\Users\clark\source\repos\COVID-19>git fetch --all 
Fetching origin
Fetching upstream

C:\Users\clark\source\repos\COVID-19>git merge remotes/upstream/master 
Auto-merging README.md
Merge made by the 'recursive' strategy.
 README.md                                          |    2 +
 csse_covid_19_data/README.md                       |    4 +-
 .../csse_covid_19_daily_reports/07-22-2020.csv     | 3926 ++++++++++++
 .../csse_covid_19_daily_reports_us/07-22-2020.csv  |   59 +
 .../csse_covid_19_time_series/Errata.csv           |   19 +-
 .../time_series_covid19_confirmed_US.csv           | 6682 ++++++++++----------
 .../time_series_covid19_confirmed_global.csv       |  534 +-
 .../time_series_covid19_deaths_US.csv              | 6682 ++++++++++----------
 .../time_series_covid19_deaths_global.csv          |  534 +-
 .../time_series_covid19_recovered_global.csv       |  508 +-
 10 files changed, 11475 insertions(+), 7475 deletions(-)
 create mode 100644 csse_covid_19_data/csse_covid_19_daily_reports/07-22-2020.csv
 create mode 100644 csse_covid_19_data/csse_covid_19_daily_reports_us/07-22-2020.csv

C:\Users\clark\source\repos\COVID-19>cd vscode 

C:\Users\clark\source\repos\COVID-19\vscode>node convert.js 

C:\Users\clark\source\repos\COVID-19\vscode>cd ../sql 

C:\Users\clark\source\repos\COVID-19\sql>sqlite3 ../vscode/output.db ".read outputSqlite" 

C:\Users\clark\source\repos\COVID-19\sql>git commit -am "Daily Update" 
[master 209ca5de] Daily Update
 6 files changed, 410996 insertions(+), 406909 deletions(-)

C:\Users\clark\source\repos\COVID-19\sql>git push 

C:\Users\clark\source\repos\COVID-19\sql>cd ../PowerBI 

C:\Users\clark\source\repos\COVID-19\PowerBI>del daily.csv 

C:\Users\clark\source\repos\COVID-19\PowerBI>wget https://covidtracking.com/api/v1/states/daily.csv 

C:\Users\clark\source\repos\COVID-19\PowerBI>cd .. 

C:\Users\clark\source\repos\COVID-19>git fetch --all 
Fetching origin
Fetching upstream

C:\Users\clark\source\repos\COVID-19>git merge remotes/upstream/master 
Auto-merging README.md
Merge made by the 'recursive' strategy.
 README.md                                          |    4 +
 csse_covid_19_data/README.md                       |   25 +-
 .../csse_covid_19_daily_reports/07-22-2020.csv     |    2 +-
 .../csse_covid_19_daily_reports/07-23-2020.csv     | 3929 ++++++++++++
 .../csse_covid_19_daily_reports_us/07-22-2020.csv  |    2 +-
 .../csse_covid_19_daily_reports_us/07-23-2020.csv  |   59 +
 .../csse_covid_19_time_series/Errata.csv           |    5 +
 .../time_series_covid19_confirmed_US.csv           | 6682 ++++++++++----------
 .../time_series_covid19_confirmed_global.csv       |  534 +-
 .../time_series_covid19_deaths_US.csv              | 6682 ++++++++++----------
 .../time_series_covid19_deaths_global.csv          |  534 +-
 .../time_series_covid19_recovered_global.csv       |  508 +-
 12 files changed, 11481 insertions(+), 7485 deletions(-)
 create mode 100644 csse_covid_19_data/csse_covid_19_daily_reports/07-23-2020.csv
 create mode 100644 csse_covid_19_data/csse_covid_19_daily_reports_us/07-23-2020.csv

C:\Users\clark\source\repos\COVID-19>cd vscode 

C:\Users\clark\source\repos\COVID-19\vscode>node convert.js 

C:\Users\clark\source\repos\COVID-19\vscode>cd ../sql 

C:\Users\clark\source\repos\COVID-19\sql>sqlite3 ../vscode/output.db ".read outputSqlite" 

C:\Users\clark\source\repos\COVID-19\sql>git commit -am "Daily Update" 
[master f9ba32e6] Daily Update
 6 files changed, 414307 insertions(+), 410215 deletions(-)

C:\Users\clark\source\repos\COVID-19\sql>git push 

C:\Users\clark\source\repos\COVID-19\sql>cd ../PowerBI 

C:\Users\clark\source\repos\COVID-19\PowerBI>del daily.csv 

C:\Users\clark\source\repos\COVID-19\PowerBI>wget https://covidtracking.com/api/v1/states/daily.csv 

C:\Users\clark\source\repos\COVID-19\PowerBI>cd .. 

C:\Users\clark\source\repos\COVID-19>git fetch --all 
Fetching origin
Fetching upstream

C:\Users\clark\source\repos\COVID-19>git merge remotes/upstream/master 
Merge made by the 'recursive' strategy.
 .../csse_covid_19_daily_reports/07-24-2020.csv     | 3930 ++++++++++++
 .../csse_covid_19_daily_reports_us/07-24-2020.csv  |   59 +
 .../csse_covid_19_time_series/Errata.csv           |    4 +
 .../time_series_covid19_confirmed_US.csv           | 6682 ++++++++++----------
 .../time_series_covid19_confirmed_global.csv       |  534 +-
 .../time_series_covid19_deaths_US.csv              | 6682 ++++++++++----------
 .../time_series_covid19_deaths_global.csv          |  534 +-
 .../time_series_covid19_recovered_global.csv       |  508 +-
 8 files changed, 11463 insertions(+), 7470 deletions(-)
 create mode 100644 csse_covid_19_data/csse_covid_19_daily_reports/07-24-2020.csv
 create mode 100644 csse_covid_19_data/csse_covid_19_daily_reports_us/07-24-2020.csv

C:\Users\clark\source\repos\COVID-19>cd vscode 

C:\Users\clark\source\repos\COVID-19\vscode>node convert.js 

C:\Users\clark\source\repos\COVID-19\vscode>cd ../sql 

C:\Users\clark\source\repos\COVID-19\sql>sqlite3 ../vscode/output.db ".read outputSqlite" 

C:\Users\clark\source\repos\COVID-19\sql>git commit -am "Daily Update" 
[master 29aae7c6] Daily Update
 6 files changed, 203568 insertions(+), 199480 deletions(-)

C:\Users\clark\source\repos\COVID-19\sql>git push 

C:\Users\clark\source\repos\COVID-19\sql>cd ../PowerBI 

C:\Users\clark\source\repos\COVID-19\PowerBI>del daily.csv 

C:\Users\clark\source\repos\COVID-19\PowerBI>wget https://covidtracking.com/api/v1/states/daily.csv 

C:\Users\clark\source\repos\COVID-19\PowerBI>cd .. 

C:\Users\clark\source\repos\COVID-19>git fetch --all 
Fetching origin
Fetching upstream

C:\Users\clark\source\repos\COVID-19>git merge remotes/upstream/master 
Merge made by the 'recursive' strategy.
 .../csse_covid_19_daily_reports/07-24-2020.csv     | 7860 ++++++++++----------
 .../csse_covid_19_daily_reports/07-25-2020.csv     | 3931 ++++++++++
 .../csse_covid_19_daily_reports_us/07-25-2020.csv  |   59 +
 .../csse_covid_19_time_series/Errata.csv           |    3 +
 .../time_series_covid19_confirmed_US.csv           | 6682 ++++++++---------
 .../time_series_covid19_confirmed_global.csv       |  534 +-
 .../time_series_covid19_deaths_US.csv              | 6682 ++++++++---------
 .../time_series_covid19_deaths_global.csv          |  534 +-
 .../time_series_covid19_recovered_global.csv       |  508 +-
 9 files changed, 15393 insertions(+), 11400 deletions(-)
 create mode 100644 csse_covid_19_data/csse_covid_19_daily_reports/07-25-2020.csv
 create mode 100644 csse_covid_19_data/csse_covid_19_daily_reports_us/07-25-2020.csv

C:\Users\clark\source\repos\COVID-19>cd vscode 

C:\Users\clark\source\repos\COVID-19\vscode>node convert.js 

C:\Users\clark\source\repos\COVID-19\vscode>cd ../sql 

C:\Users\clark\source\repos\COVID-19\sql>sqlite3 ../vscode/output.db ".read outputSqlite" 

C:\Users\clark\source\repos\COVID-19\sql>git commit -am "Daily Update" 
[master a99591e6] Daily Update
 6 files changed, 215047 insertions(+), 210957 deletions(-)

C:\Users\clark\source\repos\COVID-19\sql>git push 

C:\Users\clark\source\repos\COVID-19\sql>cd ../PowerBI 

C:\Users\clark\source\repos\COVID-19\PowerBI>del daily.csv 

C:\Users\clark\source\repos\COVID-19\PowerBI>wget https://covidtracking.com/api/v1/states/daily.csv 

C:\Users\clark\source\repos\COVID-19\PowerBI>cd .. 

C:\Users\clark\source\repos\COVID-19>git fetch --all 
Fetching origin
Fetching upstream

C:\Users\clark\source\repos\COVID-19>git merge remotes/upstream/master 
Merge made by the 'recursive' strategy.
 csse_covid_19_data/README.md                       |    3 +-
 .../csse_covid_19_daily_reports/07-26-2020.csv     | 3932 ++++++++++++
 .../csse_covid_19_daily_reports_us/07-26-2020.csv  |   59 +
 .../csse_covid_19_time_series/Errata.csv           |    8 +
 .../time_series_covid19_confirmed_US.csv           | 6682 ++++++++++----------
 .../time_series_covid19_confirmed_global.csv       |  534 +-
 .../time_series_covid19_deaths_US.csv              | 6682 ++++++++++----------
 .../time_series_covid19_deaths_global.csv          |  534 +-
 .../time_series_covid19_recovered_global.csv       |  508 +-
 9 files changed, 11471 insertions(+), 7471 deletions(-)
 create mode 100644 csse_covid_19_data/csse_covid_19_daily_reports/07-26-2020.csv
 create mode 100644 csse_covid_19_data/csse_covid_19_daily_reports_us/07-26-2020.csv

C:\Users\clark\source\repos\COVID-19>cd vscode 

C:\Users\clark\source\repos\COVID-19\vscode>node convert.js 

C:\Users\clark\source\repos\COVID-19\vscode>cd ../sql 

C:\Users\clark\source\repos\COVID-19\sql>sqlite3 ../vscode/output.db ".read outputSqlite" 

C:\Users\clark\source\repos\COVID-19\sql>git commit -am "Daily Update" 
[master dead3bfd] Daily Update
 6 files changed, 294619 insertions(+), 290528 deletions(-)

C:\Users\clark\source\repos\COVID-19\sql>git push 

C:\Users\clark\source\repos\COVID-19\sql>cd ../PowerBI 

C:\Users\clark\source\repos\COVID-19\PowerBI>del daily.csv 

C:\Users\clark\source\repos\COVID-19\PowerBI>wget https://covidtracking.com/api/v1/states/daily.csv 

C:\Users\clark\source\repos\COVID-19\PowerBI>cd .. 

C:\Users\clark\source\repos\COVID-19>git fetch --all 
Fetching origin
Fetching upstream

C:\Users\clark\source\repos\COVID-19>git merge remotes/upstream/master 
Merge made by the 'recursive' strategy.
 csse_covid_19_data/README.md                       |    4 +-
 .../csse_covid_19_daily_reports/07-27-2020.csv     | 3932 ++++++++++++
 .../csse_covid_19_daily_reports_us/07-27-2020.csv  |   59 +
 .../time_series_covid19_confirmed_US.csv           | 6682 ++++++++++----------
 .../time_series_covid19_confirmed_global.csv       |  534 +-
 .../time_series_covid19_deaths_US.csv              | 6682 ++++++++++----------
 .../time_series_covid19_deaths_global.csv          |  534 +-
 .../time_series_covid19_recovered_global.csv       |  508 +-
 8 files changed, 11464 insertions(+), 7471 deletions(-)
 create mode 100644 csse_covid_19_data/csse_covid_19_daily_reports/07-27-2020.csv
 create mode 100644 csse_covid_19_data/csse_covid_19_daily_reports_us/07-27-2020.csv

C:\Users\clark\source\repos\COVID-19>cd vscode 

C:\Users\clark\source\repos\COVID-19\vscode>node convert.js 

C:\Users\clark\source\repos\COVID-19\vscode>cd ../sql 

C:\Users\clark\source\repos\COVID-19\sql>sqlite3 ../vscode/output.db ".read outputSqlite" 

C:\Users\clark\source\repos\COVID-19\sql>git commit -am "Daily Update" 
[master e5967e6b] Daily Update
 8 files changed, 388055 insertions(+), 383902 deletions(-)

C:\Users\clark\source\repos\COVID-19\sql>git push 

C:\Users\clark\source\repos\COVID-19\sql>cd ../PowerBI 

C:\Users\clark\source\repos\COVID-19\PowerBI>del daily.csv 

C:\Users\clark\source\repos\COVID-19\PowerBI>wget https://covidtracking.com/api/v1/states/daily.csv 

C:\Users\clark\source\repos\COVID-19\PowerBI>cd .. 

C:\Users\clark\source\repos\COVID-19>git fetch --all 
Fetching origin
Fetching upstream

C:\Users\clark\source\repos\COVID-19>git merge remotes/upstream/master 
Merge made by the 'recursive' strategy.
 csse_covid_19_data/README.md                       |    1 +
 csse_covid_19_data/UID_ISO_FIPS_LookUp_Table.csv   |    1 +
 .../csse_covid_19_daily_reports/07-27-2020.csv     |   38 +-
 .../csse_covid_19_daily_reports/07-28-2020.csv     | 3933 ++++++++++++
 .../csse_covid_19_daily_reports_us/07-27-2020.csv  |    2 +-
 .../csse_covid_19_daily_reports_us/07-28-2020.csv  |   59 +
 .../csse_covid_19_time_series/Errata.csv           |   13 +
 .../time_series_covid19_confirmed_US.csv           | 6682 ++++++++++----------
 .../time_series_covid19_confirmed_global.csv       |  534 +-
 .../time_series_covid19_deaths_US.csv              | 6682 ++++++++++----------
 .../time_series_covid19_deaths_global.csv          |  534 +-
 .../time_series_covid19_recovered_global.csv       |  508 +-
 12 files changed, 11497 insertions(+), 7490 deletions(-)
 create mode 100644 csse_covid_19_data/csse_covid_19_daily_reports/07-28-2020.csv
 create mode 100644 csse_covid_19_data/csse_covid_19_daily_reports_us/07-28-2020.csv

C:\Users\clark\source\repos\COVID-19>cd vscode 

C:\Users\clark\source\repos\COVID-19\vscode>node convert.js 

C:\Users\clark\source\repos\COVID-19>git fetch --all 
Fetching origin
Fetching upstream

C:\Users\clark\source\repos\COVID-19>git merge remotes/upstream/master 
Auto-merging README.md
Merge made by the 'recursive' strategy.
 README.md                                          |    2 +
 csse_covid_19_data/README.md                       |   23 +-
 .../csse_covid_19_daily_reports/07-03-2020.csv     |   56 +-
 .../csse_covid_19_daily_reports/07-28-2020.csv     |  300 +-
 .../csse_covid_19_daily_reports/07-29-2020.csv     | 3936 ++++++++++++
 .../csse_covid_19_daily_reports_us/07-28-2020.csv  |    4 +-
 .../csse_covid_19_daily_reports_us/07-29-2020.csv  |   59 +
 .../csse_covid_19_time_series/Errata.csv           |    7 +
 .../time_series_covid19_confirmed_US.csv           | 6682 ++++++++++----------
 .../time_series_covid19_confirmed_global.csv       |  534 +-
 .../time_series_covid19_deaths_US.csv              | 6682 ++++++++++----------
 .../time_series_covid19_deaths_global.csv          |  534 +-
 .../time_series_covid19_recovered_global.csv       |  508 +-
 13 files changed, 11667 insertions(+), 7660 deletions(-)
 create mode 100644 csse_covid_19_data/csse_covid_19_daily_reports/07-29-2020.csv
 create mode 100644 csse_covid_19_data/csse_covid_19_daily_reports_us/07-29-2020.csv

C:\Users\clark\source\repos\COVID-19>cd vscode 

C:\Users\clark\source\repos\COVID-19\vscode>node convert.js 

C:\Users\clark\source\repos\COVID-19>git fetch --all 
Fetching origin
Fetching upstream

C:\Users\clark\source\repos\COVID-19>git merge remotes/upstream/master 
Auto-merging README.md
Merge made by the 'recursive' strategy.
 README.md                                          |    1 +
 .../csse_covid_19_daily_reports/07-25-2020.csv     |   66 +-
 .../csse_covid_19_daily_reports/07-30-2020.csv     | 3936 ++++++++++++
 .../csse_covid_19_daily_reports_us/07-30-2020.csv  |   59 +
 .../csse_covid_19_time_series/Errata.csv           |    3 +
 .../time_series_covid19_confirmed_US.csv           | 6682 ++++++++++----------
 .../time_series_covid19_confirmed_global.csv       |  534 +-
 .../time_series_covid19_deaths_US.csv              | 6682 ++++++++++----------
 .../time_series_covid19_deaths_global.csv          |  534 +-
 .../time_series_covid19_recovered_global.csv       |  508 +-
 10 files changed, 11502 insertions(+), 7503 deletions(-)
 create mode 100644 csse_covid_19_data/csse_covid_19_daily_reports/07-30-2020.csv
 create mode 100644 csse_covid_19_data/csse_covid_19_daily_reports_us/07-30-2020.csv

C:\Users\clark\source\repos\COVID-19>cd vscode 

C:\Users\clark\source\repos\COVID-19\vscode>node convert.js 

C:\Users\clark\source\repos\COVID-19>git fetch --all 
Fetching origin
Fetching upstream

C:\Users\clark\source\repos\COVID-19>git merge remotes/upstream/master 
Merge made by the 'recursive' strategy.
 csse_covid_19_data/README.md                       |    1 +
 .../csse_covid_19_daily_reports/07-30-2020.csv     |   84 +-
 .../csse_covid_19_daily_reports/07-31-2020.csv     | 3936 ++++++++++++
 .../csse_covid_19_daily_reports_us/07-30-2020.csv  |    4 +-
 .../csse_covid_19_daily_reports_us/07-31-2020.csv  |   59 +
 .../csse_covid_19_time_series/Errata.csv           |    5 +
 .../time_series_covid19_confirmed_US.csv           | 6682 ++++++++++----------
 .../time_series_covid19_confirmed_global.csv       |  534 +-
 .../time_series_covid19_deaths_US.csv              | 6682 ++++++++++----------
 .../time_series_covid19_deaths_global.csv          |  534 +-
 .../time_series_covid19_recovered_global.csv       |  508 +-
 11 files changed, 11515 insertions(+), 7514 deletions(-)
 create mode 100644 csse_covid_19_data/csse_covid_19_daily_reports/07-31-2020.csv
 create mode 100644 csse_covid_19_data/csse_covid_19_daily_reports_us/07-31-2020.csv

C:\Users\clark\source\repos\COVID-19>cd vscode 

C:\Users\clark\source\repos\COVID-19\vscode>node convert.js 

C:\Users\clark\source\repos\COVID-19\vscode>cd ../sql 

C:\Users\clark\source\repos\COVID-19\sql>sqlite3 ../vscode/output.db ".read outputSqlite" 

C:\Users\clark\source\repos\COVID-19\sql>git commit -am "Daily Update" 
[master 623084e2] Daily Update
 6 files changed, 421026 insertions(+), 412918 deletions(-)

C:\Users\clark\source\repos\COVID-19\sql>git push 

C:\Users\clark\source\repos\COVID-19\sql>cd ../PowerBI 

C:\Users\clark\source\repos\COVID-19\PowerBI>del daily.csv 

C:\Users\clark\source\repos\COVID-19\PowerBI>wget https://covidtracking.com/api/v1/states/daily.csv 

C:\Users\clark\source\repos\COVID-19\PowerBI>cd .. 

C:\Users\clark\source\repos\COVID-19>git fetch --all 
Fetching origin
Fetching upstream

C:\Users\clark\source\repos\COVID-19>git merge remotes/upstream/master 
Merge made by the 'recursive' strategy.
 csse_covid_19_data/README.md                       |    5 +-
 .../csse_covid_19_daily_reports/08-01-2020.csv     | 3936 ++++++++++++
 .../csse_covid_19_daily_reports_us/08-01-2020.csv  |   59 +
 .../time_series_covid19_confirmed_US.csv           | 6682 ++++++++++----------
 .../time_series_covid19_confirmed_global.csv       |  534 +-
 .../time_series_covid19_deaths_US.csv              | 6682 ++++++++++----------
 .../time_series_covid19_deaths_global.csv          |  534 +-
 .../time_series_covid19_recovered_global.csv       |  508 +-
 8 files changed, 11469 insertions(+), 7471 deletions(-)
 create mode 100644 csse_covid_19_data/csse_covid_19_daily_reports/08-01-2020.csv
 create mode 100644 csse_covid_19_data/csse_covid_19_daily_reports_us/08-01-2020.csv

C:\Users\clark\source\repos\COVID-19>cd vscode 

C:\Users\clark\source\repos\COVID-19\vscode>node convert.js 

C:\Users\clark\source\repos\COVID-19\vscode>cd ../sql 

C:\Users\clark\source\repos\COVID-19\sql>sqlite3 ../vscode/output.db ".read outputSqlite" 

C:\Users\clark\source\repos\COVID-19\sql>git commit -am "Daily Update" 
[master 61f019e3] Daily Update
 6 files changed, 416347 insertions(+), 412197 deletions(-)

C:\Users\clark\source\repos\COVID-19\sql>git push 

C:\Users\clark\source\repos\COVID-19\sql>cd ../PowerBI 

C:\Users\clark\source\repos\COVID-19\PowerBI>del daily.csv 

C:\Users\clark\source\repos\COVID-19\PowerBI>wget https://covidtracking.com/api/v1/states/daily.csv 

C:\Users\clark\source\repos\COVID-19\PowerBI>cd .. 

C:\Users\clark\source\repos\COVID-19>git fetch --all 
Fetching origin
Fetching upstream

C:\Users\clark\source\repos\COVID-19>git merge remotes/upstream/master 
Merge made by the 'recursive' strategy.
 csse_covid_19_data/README.md                       |    2 +-
 .../csse_covid_19_daily_reports/07-30-2020.csv     |    2 +-
 .../csse_covid_19_daily_reports/07-31-2020.csv     |    2 +-
 .../csse_covid_19_daily_reports/08-01-2020.csv     |    2 +-
 .../csse_covid_19_daily_reports/08-02-2020.csv     | 3936 ++++++++++++
 .../csse_covid_19_daily_reports_us/08-02-2020.csv  |   59 +
 .../csse_covid_19_time_series/Errata.csv           |    5 +
 .../time_series_covid19_confirmed_US.csv           | 6682 ++++++++++----------
 .../time_series_covid19_confirmed_global.csv       |  534 +-
 .../time_series_covid19_deaths_US.csv              | 6682 ++++++++++----------
 .../time_series_covid19_deaths_global.csv          |  534 +-
 .../time_series_covid19_recovered_global.csv       |  508 +-
 12 files changed, 11474 insertions(+), 7474 deletions(-)
 create mode 100644 csse_covid_19_data/csse_covid_19_daily_reports/08-02-2020.csv
 create mode 100644 csse_covid_19_data/csse_covid_19_daily_reports_us/08-02-2020.csv

C:\Users\clark\source\repos\COVID-19>cd vscode 

C:\Users\clark\source\repos\COVID-19\vscode>node convert.js 

C:\Users\clark\source\repos\COVID-19>git fetch --all 
Fetching origin
Fetching upstream

C:\Users\clark\source\repos\COVID-19>git merge remotes/upstream/master 
Merge made by the 'recursive' strategy.
 csse_covid_19_data/README.md                       |    7 +-
 .../csse_covid_19_daily_reports/08-02-2020.csv     |    2 +-
 .../csse_covid_19_daily_reports/08-03-2020.csv     | 3936 ++++++++++++
 .../csse_covid_19_daily_reports_us/08-03-2020.csv  |   59 +
 .../csse_covid_19_time_series/Errata.csv           |   10 +
 .../time_series_covid19_confirmed_US.csv           | 6682 ++++++++++----------
 .../time_series_covid19_confirmed_global.csv       |  534 +-
 .../time_series_covid19_deaths_US.csv              | 6682 ++++++++++----------
 .../time_series_covid19_deaths_global.csv          |  534 +-
 .../time_series_covid19_recovered_global.csv       |  508 +-
 10 files changed, 11482 insertions(+), 7472 deletions(-)
 create mode 100644 csse_covid_19_data/csse_covid_19_daily_reports/08-03-2020.csv
 create mode 100644 csse_covid_19_data/csse_covid_19_daily_reports_us/08-03-2020.csv

C:\Users\clark\source\repos\COVID-19>cd vscode 

C:\Users\clark\source\repos\COVID-19\vscode>node convert.js 

C:\Users\clark\source\repos\COVID-19\vscode>cd ../sql 

C:\Users\clark\source\repos\COVID-19\sql>sqlite3 ../vscode/output.db ".read outputSqlite" 

C:\Users\clark\source\repos\COVID-19\sql>git commit -am "Daily Update" 
[master d16b9a82] Daily Update
 9 files changed, 435427 insertions(+), 427244 deletions(-)

C:\Users\clark\source\repos\COVID-19\sql>git push 

C:\Users\clark\source\repos\COVID-19\sql>cd ../PowerBI 

C:\Users\clark\source\repos\COVID-19\PowerBI>del daily.csv 

C:\Users\clark\source\repos\COVID-19\PowerBI>wget https://covidtracking.com/api/v1/states/daily.csv 

C:\Users\clark\source\repos\COVID-19\PowerBI>cd .. 

C:\Users\clark\source\repos\COVID-19>git fetch --all 
Fetching origin
Fetching upstream

C:\Users\clark\source\repos\COVID-19>git merge remotes/upstream/master 
Merge made by the 'recursive' strategy.
 csse_covid_19_data/README.md                       |    3 +-
 .../csse_covid_19_daily_reports/08-04-2020.csv     | 3937 ++++++++++++
 .../csse_covid_19_daily_reports_us/08-04-2020.csv  |   59 +
 .../csse_covid_19_time_series/Errata.csv           |   32 +-
 .../time_series_covid19_confirmed_US.csv           | 6682 ++++++++++----------
 .../time_series_covid19_confirmed_global.csv       |  534 +-
 .../time_series_covid19_deaths_US.csv              | 6682 ++++++++++----------
 .../time_series_covid19_deaths_global.csv          |  534 +-
 .../time_series_covid19_recovered_global.csv       |  508 +-
 9 files changed, 11490 insertions(+), 7481 deletions(-)
 create mode 100644 csse_covid_19_data/csse_covid_19_daily_reports/08-04-2020.csv
 create mode 100644 csse_covid_19_data/csse_covid_19_daily_reports_us/08-04-2020.csv

C:\Users\clark\source\repos\COVID-19>cd vscode 

C:\Users\clark\source\repos\COVID-19\vscode>node convert.js 

C:\Users\clark\source\repos\COVID-19>git fetch --all 
Fetching origin
Fetching upstream

C:\Users\clark\source\repos\COVID-19>git merge remotes/upstream/master 
Auto-merging README.md
Merge made by the 'recursive' strategy.
 README.md                                          |   27 +
 .../csse_covid_19_daily_reports/08-05-2020.csv     | 3941 ++++++++++++
 .../csse_covid_19_daily_reports_us/08-05-2020.csv  |   59 +
 .../csse_covid_19_time_series/Errata.csv           |   21 +-
 .../time_series_covid19_confirmed_US.csv           | 6682 ++++++++++----------
 .../time_series_covid19_confirmed_global.csv       |  534 +-
 .../time_series_covid19_deaths_US.csv              | 6682 ++++++++++----------
 .../time_series_covid19_deaths_global.csv          |  534 +-
 .../time_series_covid19_recovered_global.csv       |  508 +-
 9 files changed, 11506 insertions(+), 7482 deletions(-)
 create mode 100644 csse_covid_19_data/csse_covid_19_daily_reports/08-05-2020.csv
 create mode 100644 csse_covid_19_data/csse_covid_19_daily_reports_us/08-05-2020.csv

C:\Users\clark\source\repos\COVID-19>cd vscode 

C:\Users\clark\source\repos\COVID-19\vscode>node convert.js 
